<html>
<body>
<pre>
<h1>µVision Build Log</h1>
<h2>Tool Versions:</h2>
IDE-Version: µVision V5.43.1.0
Copyright (C) 2025 ARM Ltd and ARM Germany GmbH. All rights reserved.
License Information: Özgür Deniz Meriç
Assan
User-based license: Keil MDK Nuvoton Edition - Full Cortex-M
Valid until: Sep 27 2034. Cached until: Dec 26 2025
 
Tool Versions:
Toolchain:       Keil MDK Nuvoton Edition - Full Cortex-M  Version: 5.43.0.0
Toolchain Path:  C:\Users\odmeric\AppData\Local\Keil_v5\ARM\ARMCLANG\Bin
C Compiler:      ArmClang.exe V6.24
Assembler:       Armasm.exe V6.24
Linker/Locator:  ArmLink.exe V6.24
Library Manager: ArmAr.exe V6.24
Hex Converter:   FromElf.exe V6.24
CPU DLL:         
Dialog DLL:      
Target DLL:      NULink\Nu_Link.dll V3.21
Dialog DLL:      TCM.DLL V1.56.6.0
 
<h2>Project:</h2>
C:\Users\odmeric\Documents\Nuvoton\M261BSP-master\SampleCode\ISP\ISP_UART\Keil\ISP_UART.uvprojx
Project File Date:  12/19/2025

<h2>Output:</h2>
*** Using Compiler 'V6.24', folder: 'C:\Users\odmeric\AppData\Local\Keil_v5\ARM\ARMCLANG\Bin'
Rebuild target 'ISP_UART'
assembling startup_M261.s...
compiling uart_transfer.c...
creating preprocessor file for isp_user.c...
creating preprocessor file for system_M261.c...
creating preprocessor file for main.c...
creating preprocessor file for fmc_user.c...
compiling fmc_user.c...
compiling main.c...
creating preprocessor file for clk.c...
creating preprocessor file for uart_transfer.c...
compiling isp_user.c...
compiling system_M261.c...
compiling clk.c...
linking...
Program Size: Code=2940 RO-data=504 RW-data=16 ZI-data=4272  
FromELF: creating hex file...
After Build - User command #1: fromelf --bin ".\obj\M261_ISP_UART0_PB12_PB13.axf" --output ".\obj\M261_ISP_UART0_PB12_PB13.bin"
After Build - User command #2: fromelf --text -c ".\obj\M261_ISP_UART0_PB12_PB13.axf" --output ".\obj\M261_ISP_UART0_PB12_PB13.txt"
".\obj\M261_ISP_UART0_PB12_PB13.axf" - 0 Error(s), 0 Warning(s).

<h2>Software Packages used:</h2>

Package Vendor: Nuvoton
                https://github.com/OpenNuvoton/cmsis-packs/raw/master/Nuvoton_DFP/Nuvoton.NuMicroM23_DFP.1.0.1.pack
                Nuvoton::NuMicroM23_DFP@1.0.1
                Nuvoton ARM Cortex-M23 NuMicro Family Device Support

<h2>Collection of Component include folders:</h2>
  C:/Users/odmeric/AppData/Locall/Arm/Packs/Nuvoton/NuMicroM23_DFP/1.0.1/Device/M261/Include

<h2>Collection of Component Files used:</h2>
Build Time Elapsed:  00:00:02
</pre>
</body>
</html>
