<!doctype html public "-//w3c//dtd html 4.0 transitional//en">
<html><head>
<title>Static Call Graph - [.\obj\M261_ISP_UART0_PB12_PB13.axf]</title></head>
<body><HR>
<H1>Static Call Graph for image .\obj\M261_ISP_UART0_PB12_PB13.axf</H1><HR>
<BR><P>#&#060CALLGRAPH&#062# ARM Linker, 6240002: Last Updated: Fri Dec 19 08:38:46 2025
<BR><P>
<H3>Maximum Stack Usage =        128 bytes + Unknown(Cycles, Untraceable Function Pointers)</H3><H3>
Call chain for Maximum Stack Depth:</H3>
main &rArr; ParseCmd &rArr; UpdateConfig &rArr; FMC_Proc
<P>
<H3>
Mutually Recursive functions
</H3> <LI><a href="#[1]">NMI_Handler</a>&nbsp;&nbsp;&nbsp;&rArr;&nbsp;&nbsp;&nbsp;<a href="#[1]">NMI_Handler</a><BR>
 <LI><a href="#[3]">SVC_Handler</a>&nbsp;&nbsp;&nbsp;&rArr;&nbsp;&nbsp;&nbsp;<a href="#[3]">SVC_Handler</a><BR>
 <LI><a href="#[4]">PendSV_Handler</a>&nbsp;&nbsp;&nbsp;&rArr;&nbsp;&nbsp;&nbsp;<a href="#[4]">PendSV_Handler</a><BR>
 <LI><a href="#[5]">SysTick_Handler</a>&nbsp;&nbsp;&nbsp;&rArr;&nbsp;&nbsp;&nbsp;<a href="#[5]">SysTick_Handler</a><BR>
 <LI><a href="#[32]">ACMP01_IRQHandler</a>&nbsp;&nbsp;&nbsp;&rArr;&nbsp;&nbsp;&nbsp;<a href="#[32]">ACMP01_IRQHandler</a><BR>
</UL>
<P>
<H3>
Function Pointers
</H3><UL>
 <LI><a href="#[32]">ACMP01_IRQHandler</a> from startup_m261.o(.text) referenced from startup_m261.o(RESET)
 <LI><a href="#[6]">BOD_IRQHandler</a> from startup_m261.o(.text) referenced from startup_m261.o(RESET)
 <LI><a href="#[4b]">BPWM0_IRQHandler</a> from startup_m261.o(.text) referenced from startup_m261.o(RESET)
 <LI><a href="#[4c]">BPWM1_IRQHandler</a> from startup_m261.o(.text) referenced from startup_m261.o(RESET)
 <LI><a href="#[1e]">BRAKE0_IRQHandler</a> from startup_m261.o(.text) referenced from startup_m261.o(RESET)
 <LI><a href="#[22]">BRAKE1_IRQHandler</a> from startup_m261.o(.text) referenced from startup_m261.o(RESET)
 <LI><a href="#[3c]">CAN0_IRQHandler</a> from startup_m261.o(.text) referenced from startup_m261.o(RESET)
 <LI><a href="#[a]">CLKFAIL_IRQHandler</a> from startup_m261.o(.text) referenced from startup_m261.o(RESET)
 <LI><a href="#[44]">CRPT_IRQHandler</a> from startup_m261.o(.text) referenced from startup_m261.o(RESET)
 <LI><a href="#[2f]">DAC_IRQHandler</a> from startup_m261.o(.text) referenced from startup_m261.o(RESET)
 <LI><a href="#[b]">DEFAULT_IRQHandler</a> from startup_m261.o(.text) referenced 22 times from startup_m261.o(RESET)
 <LI><a href="#[30]">EADC0_IRQHandler</a> from startup_m261.o(.text) referenced from startup_m261.o(RESET)
 <LI><a href="#[31]">EADC1_IRQHandler</a> from startup_m261.o(.text) referenced from startup_m261.o(RESET)
 <LI><a href="#[33]">EADC2_IRQHandler</a> from startup_m261.o(.text) referenced from startup_m261.o(RESET)
 <LI><a href="#[34]">EADC3_IRQHandler</a> from startup_m261.o(.text) referenced from startup_m261.o(RESET)
 <LI><a href="#[50]">ECAP0_IRQHandler</a> from startup_m261.o(.text) referenced from startup_m261.o(RESET)
 <LI><a href="#[51]">ECAP1_IRQHandler</a> from startup_m261.o(.text) referenced from startup_m261.o(RESET)
 <LI><a href="#[10]">EINT0_IRQHandler</a> from startup_m261.o(.text) referenced from startup_m261.o(RESET)
 <LI><a href="#[11]">EINT1_IRQHandler</a> from startup_m261.o(.text) referenced from startup_m261.o(RESET)
 <LI><a href="#[12]">EINT2_IRQHandler</a> from startup_m261.o(.text) referenced from startup_m261.o(RESET)
 <LI><a href="#[13]">EINT3_IRQHandler</a> from startup_m261.o(.text) referenced from startup_m261.o(RESET)
 <LI><a href="#[14]">EINT4_IRQHandler</a> from startup_m261.o(.text) referenced from startup_m261.o(RESET)
 <LI><a href="#[15]">EINT5_IRQHandler</a> from startup_m261.o(.text) referenced from startup_m261.o(RESET)
 <LI><a href="#[46]">EINT6_IRQHandler</a> from startup_m261.o(.text) referenced from startup_m261.o(RESET)
 <LI><a href="#[53]">EINT7_IRQHandler</a> from startup_m261.o(.text) referenced from startup_m261.o(RESET)
 <LI><a href="#[1f]">EPWM0_P0_IRQHandler</a> from startup_m261.o(.text) referenced from startup_m261.o(RESET)
 <LI><a href="#[20]">EPWM0_P1_IRQHandler</a> from startup_m261.o(.text) referenced from startup_m261.o(RESET)
 <LI><a href="#[21]">EPWM0_P2_IRQHandler</a> from startup_m261.o(.text) referenced from startup_m261.o(RESET)
 <LI><a href="#[23]">EPWM1_P0_IRQHandler</a> from startup_m261.o(.text) referenced from startup_m261.o(RESET)
 <LI><a href="#[24]">EPWM1_P1_IRQHandler</a> from startup_m261.o(.text) referenced from startup_m261.o(RESET)
 <LI><a href="#[25]">EPWM1_P2_IRQHandler</a> from startup_m261.o(.text) referenced from startup_m261.o(RESET)
 <LI><a href="#[16]">GPA_IRQHandler</a> from startup_m261.o(.text) referenced from startup_m261.o(RESET)
 <LI><a href="#[17]">GPB_IRQHandler</a> from startup_m261.o(.text) referenced from startup_m261.o(RESET)
 <LI><a href="#[18]">GPC_IRQHandler</a> from startup_m261.o(.text) referenced from startup_m261.o(RESET)
 <LI><a href="#[19]">GPD_IRQHandler</a> from startup_m261.o(.text) referenced from startup_m261.o(RESET)
 <LI><a href="#[1a]">GPE_IRQHandler</a> from startup_m261.o(.text) referenced from startup_m261.o(RESET)
 <LI><a href="#[1b]">GPF_IRQHandler</a> from startup_m261.o(.text) referenced from startup_m261.o(RESET)
 <LI><a href="#[45]">GPG_IRQHandler</a> from startup_m261.o(.text) referenced from startup_m261.o(RESET)
 <LI><a href="#[52]">GPH_IRQHandler</a> from startup_m261.o(.text) referenced from startup_m261.o(RESET)
 <LI><a href="#[2]">HardFault_Handler</a> from startup_m261.o(.text) referenced from startup_m261.o(RESET)
 <LI><a href="#[2c]">I2C0_IRQHandler</a> from startup_m261.o(.text) referenced from startup_m261.o(RESET)
 <LI><a href="#[2d]">I2C1_IRQHandler</a> from startup_m261.o(.text) referenced from startup_m261.o(RESET)
 <LI><a href="#[4d]">I2C2_IRQHandler</a> from startup_m261.o(.text) referenced from startup_m261.o(RESET)
 <LI><a href="#[42]">I2S0_IRQHandler</a> from startup_m261.o(.text) referenced from startup_m261.o(RESET)
 <LI><a href="#[7]">IRC_IRQHandler</a> from startup_m261.o(.text) referenced from startup_m261.o(RESET)
 <LI><a href="#[1]">NMI_Handler</a> from startup_m261.o(.text) referenced from startup_m261.o(RESET)
 <LI><a href="#[43]">OPA0_IRQHandler</a> from startup_m261.o(.text) referenced from startup_m261.o(RESET)
 <LI><a href="#[2e]">PDMA0_IRQHandler</a> from startup_m261.o(.text) referenced from startup_m261.o(RESET)
 <LI><a href="#[54]">PDMA1_IRQHandler</a> from startup_m261.o(.text) referenced from startup_m261.o(RESET)
 <LI><a href="#[8]">PWRWU_IRQHandler</a> from startup_m261.o(.text) referenced from startup_m261.o(RESET)
 <LI><a href="#[4]">PendSV_Handler</a> from startup_m261.o(.text) referenced from startup_m261.o(RESET)
 <LI><a href="#[5a]">ProcessHardFault</a> from main.o(.text.ProcessHardFault) referenced from startup_m261.o(.text)
 <LI><a href="#[4e]">QEI0_IRQHandler</a> from startup_m261.o(.text) referenced from startup_m261.o(RESET)
 <LI><a href="#[4f]">QEI1_IRQHandler</a> from startup_m261.o(.text) referenced from startup_m261.o(RESET)
 <LI><a href="#[1c]">QSPI0_IRQHandler</a> from startup_m261.o(.text) referenced from startup_m261.o(RESET)
 <LI><a href="#[c]">RTC_IRQHandler</a> from startup_m261.o(.text) referenced from startup_m261.o(RESET)
 <LI><a href="#[0]">Reset_Handler</a> from startup_m261.o(.text) referenced from startup_m261.o(RESET)
 <LI><a href="#[3d]">SC0_IRQHandler</a> from startup_m261.o(.text) referenced from startup_m261.o(RESET)
 <LI><a href="#[3e]">SC1_IRQHandler</a> from startup_m261.o(.text) referenced from startup_m261.o(RESET)
 <LI><a href="#[3f]">SC2_IRQHandler</a> from startup_m261.o(.text) referenced from startup_m261.o(RESET)
 <LI><a href="#[55]">SCU_IRQHandler</a> from startup_m261.o(.text) referenced from startup_m261.o(RESET)
 <LI><a href="#[41]">SDH0_IRQHandler</a> from startup_m261.o(.text) referenced from startup_m261.o(RESET)
 <LI><a href="#[5b]">SH_Return</a> from main.o(.text.SH_Return) referenced from startup_m261.o(.text)
 <LI><a href="#[1d]">SPI0_IRQHandler</a> from startup_m261.o(.text) referenced from startup_m261.o(RESET)
 <LI><a href="#[37]">SPI1_IRQHandler</a> from startup_m261.o(.text) referenced from startup_m261.o(RESET)
 <LI><a href="#[38]">SPI2_IRQHandler</a> from startup_m261.o(.text) referenced from startup_m261.o(RESET)
 <LI><a href="#[40]">SPI3_IRQHandler</a> from startup_m261.o(.text) referenced from startup_m261.o(RESET)
 <LI><a href="#[9]">SRAM_IRQHandler</a> from startup_m261.o(.text) referenced from startup_m261.o(RESET)
 <LI><a href="#[3]">SVC_Handler</a> from startup_m261.o(.text) referenced from startup_m261.o(RESET)
 <LI><a href="#[5]">SysTick_Handler</a> from startup_m261.o(.text) referenced from startup_m261.o(RESET)
 <LI><a href="#[58]">SystemInit</a> from system_m261.o(.text.SystemInit) referenced from startup_m261.o(.text)
 <LI><a href="#[d]">TAMPER_IRQHandler</a> from startup_m261.o(.text) referenced from startup_m261.o(RESET)
 <LI><a href="#[26]">TMR0_IRQHandler</a> from startup_m261.o(.text) referenced from startup_m261.o(RESET)
 <LI><a href="#[27]">TMR1_IRQHandler</a> from startup_m261.o(.text) referenced from startup_m261.o(RESET)
 <LI><a href="#[28]">TMR2_IRQHandler</a> from startup_m261.o(.text) referenced from startup_m261.o(RESET)
 <LI><a href="#[29]">TMR3_IRQHandler</a> from startup_m261.o(.text) referenced from startup_m261.o(RESET)
 <LI><a href="#[56]">TRNG_IRQHandler</a> from startup_m261.o(.text) referenced from startup_m261.o(RESET)
 <LI><a href="#[2a]">UART0_IRQHandler</a> from uart_transfer.o(.text.UART0_IRQHandler) referenced from startup_m261.o(RESET)
 <LI><a href="#[2b]">UART1_IRQHandler</a> from startup_m261.o(.text) referenced from startup_m261.o(RESET)
 <LI><a href="#[35]">UART2_IRQHandler</a> from startup_m261.o(.text) referenced from startup_m261.o(RESET)
 <LI><a href="#[36]">UART3_IRQHandler</a> from startup_m261.o(.text) referenced from startup_m261.o(RESET)
 <LI><a href="#[47]">UART4_IRQHandler</a> from startup_m261.o(.text) referenced from startup_m261.o(RESET)
 <LI><a href="#[48]">UART5_IRQHandler</a> from startup_m261.o(.text) referenced from startup_m261.o(RESET)
 <LI><a href="#[39]">USBD_IRQHandler</a> from startup_m261.o(.text) referenced from startup_m261.o(RESET)
 <LI><a href="#[3a]">USBH_IRQHandler</a> from startup_m261.o(.text) referenced from startup_m261.o(RESET)
 <LI><a href="#[3b]">USBOTG_IRQHandler</a> from startup_m261.o(.text) referenced from startup_m261.o(RESET)
 <LI><a href="#[49]">USCI0_IRQHandler</a> from startup_m261.o(.text) referenced from startup_m261.o(RESET)
 <LI><a href="#[4a]">USCI1_IRQHandler</a> from startup_m261.o(.text) referenced from startup_m261.o(RESET)
 <LI><a href="#[e]">WDT_IRQHandler</a> from startup_m261.o(.text) referenced from startup_m261.o(RESET)
 <LI><a href="#[f]">WWDT_IRQHandler</a> from startup_m261.o(.text) referenced from startup_m261.o(RESET)
 <LI><a href="#[59]">__main</a> from entry.o(.ARM.Collect$$$$00000000) referenced from startup_m261.o(.text)
 <LI><a href="#[57]">main</a> from main.o(.text.main) referenced from entry9a.o(.ARM.Collect$$$$0000000B)
</UL>
<P>
<H3>
Global Symbols
</H3>
<P><STRONG><a name="[59]"></a>__main</STRONG> (Thumb, 0 bytes, Stack size unknown bytes, entry.o(.ARM.Collect$$$$00000000))
<BR>[Address Reference Count : 1]<UL><LI> startup_m261.o(.text)
</UL>
<P><STRONG><a name="[7a]"></a>_main_stk</STRONG> (Thumb, 0 bytes, Stack size unknown bytes, entry2.o(.ARM.Collect$$$$00000001))

<P><STRONG><a name="[61]"></a>_main_scatterload</STRONG> (Thumb, 0 bytes, Stack size unknown bytes, entry5.o(.ARM.Collect$$$$00000004))
<BR><BR>[Calls]<UL><LI><a href="#[62]">&gt;&gt;</a>&nbsp;&nbsp;&nbsp;__scatterload
</UL>

<P><STRONG><a name="[66]"></a>__main_after_scatterload</STRONG> (Thumb, 0 bytes, Stack size unknown bytes, entry5.o(.ARM.Collect$$$$00000004))
<BR><BR>[Called By]<UL><LI><a href="#[62]">&gt;&gt;</a>&nbsp;&nbsp;&nbsp;__scatterload
</UL>

<P><STRONG><a name="[7b]"></a>_main_clock</STRONG> (Thumb, 0 bytes, Stack size unknown bytes, entry7b.o(.ARM.Collect$$$$00000008))

<P><STRONG><a name="[7c]"></a>_main_cpp_init</STRONG> (Thumb, 0 bytes, Stack size unknown bytes, entry8b.o(.ARM.Collect$$$$0000000A))

<P><STRONG><a name="[7d]"></a>_main_init</STRONG> (Thumb, 0 bytes, Stack size unknown bytes, entry9a.o(.ARM.Collect$$$$0000000B))

<P><STRONG><a name="[7e]"></a>__rt_final_cpp</STRONG> (Thumb, 0 bytes, Stack size unknown bytes, entry10a.o(.ARM.Collect$$$$0000000D))

<P><STRONG><a name="[7f]"></a>__rt_final_exit</STRONG> (Thumb, 0 bytes, Stack size unknown bytes, entry11a.o(.ARM.Collect$$$$0000000F))

<P><STRONG><a name="[0]"></a>Reset_Handler</STRONG> (Thumb, 8 bytes, Stack size 0 bytes, startup_m261.o(.text))
<BR>[Address Reference Count : 1]<UL><LI> startup_m261.o(RESET)
</UL>
<P><STRONG><a name="[1]"></a>NMI_Handler</STRONG> (Thumb, 2 bytes, Stack size 0 bytes, startup_m261.o(.text))
<BR><BR>[Calls]<UL><LI><a href="#[1]">&gt;&gt;</a>&nbsp;&nbsp;&nbsp;NMI_Handler
</UL>
<BR>[Called By]<UL><LI><a href="#[1]">&gt;&gt;</a>&nbsp;&nbsp;&nbsp;NMI_Handler
</UL>
<BR>[Address Reference Count : 1]<UL><LI> startup_m261.o(RESET)
</UL>
<P><STRONG><a name="[2]"></a>HardFault_Handler</STRONG> (Thumb, 16 bytes, Stack size 0 bytes, startup_m261.o(.text))
<BR>[Address Reference Count : 1]<UL><LI> startup_m261.o(RESET)
</UL>
<P><STRONG><a name="[3]"></a>SVC_Handler</STRONG> (Thumb, 2 bytes, Stack size 0 bytes, startup_m261.o(.text))
<BR><BR>[Calls]<UL><LI><a href="#[3]">&gt;&gt;</a>&nbsp;&nbsp;&nbsp;SVC_Handler
</UL>
<BR>[Called By]<UL><LI><a href="#[3]">&gt;&gt;</a>&nbsp;&nbsp;&nbsp;SVC_Handler
</UL>
<BR>[Address Reference Count : 1]<UL><LI> startup_m261.o(RESET)
</UL>
<P><STRONG><a name="[4]"></a>PendSV_Handler</STRONG> (Thumb, 2 bytes, Stack size 0 bytes, startup_m261.o(.text))
<BR><BR>[Calls]<UL><LI><a href="#[4]">&gt;&gt;</a>&nbsp;&nbsp;&nbsp;PendSV_Handler
</UL>
<BR>[Called By]<UL><LI><a href="#[4]">&gt;&gt;</a>&nbsp;&nbsp;&nbsp;PendSV_Handler
</UL>
<BR>[Address Reference Count : 1]<UL><LI> startup_m261.o(RESET)
</UL>
<P><STRONG><a name="[5]"></a>SysTick_Handler</STRONG> (Thumb, 2 bytes, Stack size 0 bytes, startup_m261.o(.text))
<BR><BR>[Calls]<UL><LI><a href="#[5]">&gt;&gt;</a>&nbsp;&nbsp;&nbsp;SysTick_Handler
</UL>
<BR>[Called By]<UL><LI><a href="#[5]">&gt;&gt;</a>&nbsp;&nbsp;&nbsp;SysTick_Handler
</UL>
<BR>[Address Reference Count : 1]<UL><LI> startup_m261.o(RESET)
</UL>
<P><STRONG><a name="[32]"></a>ACMP01_IRQHandler</STRONG> (Thumb, 0 bytes, Stack size 0 bytes, startup_m261.o(.text))
<BR><BR>[Calls]<UL><LI><a href="#[32]">&gt;&gt;</a>&nbsp;&nbsp;&nbsp;ACMP01_IRQHandler
</UL>
<BR>[Called By]<UL><LI><a href="#[32]">&gt;&gt;</a>&nbsp;&nbsp;&nbsp;ACMP01_IRQHandler
</UL>
<BR>[Address Reference Count : 1]<UL><LI> startup_m261.o(RESET)
</UL>
<P><STRONG><a name="[6]"></a>BOD_IRQHandler</STRONG> (Thumb, 0 bytes, Stack size 0 bytes, startup_m261.o(.text))
<BR>[Address Reference Count : 1]<UL><LI> startup_m261.o(RESET)
</UL>
<P><STRONG><a name="[4b]"></a>BPWM0_IRQHandler</STRONG> (Thumb, 0 bytes, Stack size 0 bytes, startup_m261.o(.text))
<BR>[Address Reference Count : 1]<UL><LI> startup_m261.o(RESET)
</UL>
<P><STRONG><a name="[4c]"></a>BPWM1_IRQHandler</STRONG> (Thumb, 0 bytes, Stack size 0 bytes, startup_m261.o(.text))
<BR>[Address Reference Count : 1]<UL><LI> startup_m261.o(RESET)
</UL>
<P><STRONG><a name="[1e]"></a>BRAKE0_IRQHandler</STRONG> (Thumb, 0 bytes, Stack size 0 bytes, startup_m261.o(.text))
<BR>[Address Reference Count : 1]<UL><LI> startup_m261.o(RESET)
</UL>
<P><STRONG><a name="[22]"></a>BRAKE1_IRQHandler</STRONG> (Thumb, 0 bytes, Stack size 0 bytes, startup_m261.o(.text))
<BR>[Address Reference Count : 1]<UL><LI> startup_m261.o(RESET)
</UL>
<P><STRONG><a name="[3c]"></a>CAN0_IRQHandler</STRONG> (Thumb, 0 bytes, Stack size 0 bytes, startup_m261.o(.text))
<BR>[Address Reference Count : 1]<UL><LI> startup_m261.o(RESET)
</UL>
<P><STRONG><a name="[5e]"></a>CAN1_IRQHandler</STRONG> (Thumb, 0 bytes, Stack size 0 bytes, startup_m261.o(.text), UNUSED, KEPT)

<P><STRONG><a name="[a]"></a>CLKFAIL_IRQHandler</STRONG> (Thumb, 0 bytes, Stack size 0 bytes, startup_m261.o(.text))
<BR>[Address Reference Count : 1]<UL><LI> startup_m261.o(RESET)
</UL>
<P><STRONG><a name="[44]"></a>CRPT_IRQHandler</STRONG> (Thumb, 0 bytes, Stack size 0 bytes, startup_m261.o(.text))
<BR>[Address Reference Count : 1]<UL><LI> startup_m261.o(RESET)
</UL>
<P><STRONG><a name="[2f]"></a>DAC_IRQHandler</STRONG> (Thumb, 0 bytes, Stack size 0 bytes, startup_m261.o(.text))
<BR>[Address Reference Count : 1]<UL><LI> startup_m261.o(RESET)
</UL>
<P><STRONG><a name="[b]"></a>DEFAULT_IRQHandler</STRONG> (Thumb, 0 bytes, Stack size 0 bytes, startup_m261.o(.text))
<BR>[Address Reference Count : 1]<UL><LI> startup_m261.o(RESET)
</UL>
<P><STRONG><a name="[30]"></a>EADC0_IRQHandler</STRONG> (Thumb, 0 bytes, Stack size 0 bytes, startup_m261.o(.text))
<BR>[Address Reference Count : 1]<UL><LI> startup_m261.o(RESET)
</UL>
<P><STRONG><a name="[31]"></a>EADC1_IRQHandler</STRONG> (Thumb, 0 bytes, Stack size 0 bytes, startup_m261.o(.text))
<BR>[Address Reference Count : 1]<UL><LI> startup_m261.o(RESET)
</UL>
<P><STRONG><a name="[33]"></a>EADC2_IRQHandler</STRONG> (Thumb, 0 bytes, Stack size 0 bytes, startup_m261.o(.text))
<BR>[Address Reference Count : 1]<UL><LI> startup_m261.o(RESET)
</UL>
<P><STRONG><a name="[34]"></a>EADC3_IRQHandler</STRONG> (Thumb, 0 bytes, Stack size 0 bytes, startup_m261.o(.text))
<BR>[Address Reference Count : 1]<UL><LI> startup_m261.o(RESET)
</UL>
<P><STRONG><a name="[50]"></a>ECAP0_IRQHandler</STRONG> (Thumb, 0 bytes, Stack size 0 bytes, startup_m261.o(.text))
<BR>[Address Reference Count : 1]<UL><LI> startup_m261.o(RESET)
</UL>
<P><STRONG><a name="[51]"></a>ECAP1_IRQHandler</STRONG> (Thumb, 0 bytes, Stack size 0 bytes, startup_m261.o(.text))
<BR>[Address Reference Count : 1]<UL><LI> startup_m261.o(RESET)
</UL>
<P><STRONG><a name="[10]"></a>EINT0_IRQHandler</STRONG> (Thumb, 0 bytes, Stack size 0 bytes, startup_m261.o(.text))
<BR>[Address Reference Count : 1]<UL><LI> startup_m261.o(RESET)
</UL>
<P><STRONG><a name="[11]"></a>EINT1_IRQHandler</STRONG> (Thumb, 0 bytes, Stack size 0 bytes, startup_m261.o(.text))
<BR>[Address Reference Count : 1]<UL><LI> startup_m261.o(RESET)
</UL>
<P><STRONG><a name="[12]"></a>EINT2_IRQHandler</STRONG> (Thumb, 0 bytes, Stack size 0 bytes, startup_m261.o(.text))
<BR>[Address Reference Count : 1]<UL><LI> startup_m261.o(RESET)
</UL>
<P><STRONG><a name="[13]"></a>EINT3_IRQHandler</STRONG> (Thumb, 0 bytes, Stack size 0 bytes, startup_m261.o(.text))
<BR>[Address Reference Count : 1]<UL><LI> startup_m261.o(RESET)
</UL>
<P><STRONG><a name="[14]"></a>EINT4_IRQHandler</STRONG> (Thumb, 0 bytes, Stack size 0 bytes, startup_m261.o(.text))
<BR>[Address Reference Count : 1]<UL><LI> startup_m261.o(RESET)
</UL>
<P><STRONG><a name="[15]"></a>EINT5_IRQHandler</STRONG> (Thumb, 0 bytes, Stack size 0 bytes, startup_m261.o(.text))
<BR>[Address Reference Count : 1]<UL><LI> startup_m261.o(RESET)
</UL>
<P><STRONG><a name="[46]"></a>EINT6_IRQHandler</STRONG> (Thumb, 0 bytes, Stack size 0 bytes, startup_m261.o(.text))
<BR>[Address Reference Count : 1]<UL><LI> startup_m261.o(RESET)
</UL>
<P><STRONG><a name="[53]"></a>EINT7_IRQHandler</STRONG> (Thumb, 0 bytes, Stack size 0 bytes, startup_m261.o(.text))
<BR>[Address Reference Count : 1]<UL><LI> startup_m261.o(RESET)
</UL>
<P><STRONG><a name="[1f]"></a>EPWM0_P0_IRQHandler</STRONG> (Thumb, 0 bytes, Stack size 0 bytes, startup_m261.o(.text))
<BR>[Address Reference Count : 1]<UL><LI> startup_m261.o(RESET)
</UL>
<P><STRONG><a name="[20]"></a>EPWM0_P1_IRQHandler</STRONG> (Thumb, 0 bytes, Stack size 0 bytes, startup_m261.o(.text))
<BR>[Address Reference Count : 1]<UL><LI> startup_m261.o(RESET)
</UL>
<P><STRONG><a name="[21]"></a>EPWM0_P2_IRQHandler</STRONG> (Thumb, 0 bytes, Stack size 0 bytes, startup_m261.o(.text))
<BR>[Address Reference Count : 1]<UL><LI> startup_m261.o(RESET)
</UL>
<P><STRONG><a name="[23]"></a>EPWM1_P0_IRQHandler</STRONG> (Thumb, 0 bytes, Stack size 0 bytes, startup_m261.o(.text))
<BR>[Address Reference Count : 1]<UL><LI> startup_m261.o(RESET)
</UL>
<P><STRONG><a name="[24]"></a>EPWM1_P1_IRQHandler</STRONG> (Thumb, 0 bytes, Stack size 0 bytes, startup_m261.o(.text))
<BR>[Address Reference Count : 1]<UL><LI> startup_m261.o(RESET)
</UL>
<P><STRONG><a name="[25]"></a>EPWM1_P2_IRQHandler</STRONG> (Thumb, 0 bytes, Stack size 0 bytes, startup_m261.o(.text))
<BR>[Address Reference Count : 1]<UL><LI> startup_m261.o(RESET)
</UL>
<P><STRONG><a name="[16]"></a>GPA_IRQHandler</STRONG> (Thumb, 0 bytes, Stack size 0 bytes, startup_m261.o(.text))
<BR>[Address Reference Count : 1]<UL><LI> startup_m261.o(RESET)
</UL>
<P><STRONG><a name="[17]"></a>GPB_IRQHandler</STRONG> (Thumb, 0 bytes, Stack size 0 bytes, startup_m261.o(.text))
<BR>[Address Reference Count : 1]<UL><LI> startup_m261.o(RESET)
</UL>
<P><STRONG><a name="[18]"></a>GPC_IRQHandler</STRONG> (Thumb, 0 bytes, Stack size 0 bytes, startup_m261.o(.text))
<BR>[Address Reference Count : 1]<UL><LI> startup_m261.o(RESET)
</UL>
<P><STRONG><a name="[19]"></a>GPD_IRQHandler</STRONG> (Thumb, 0 bytes, Stack size 0 bytes, startup_m261.o(.text))
<BR>[Address Reference Count : 1]<UL><LI> startup_m261.o(RESET)
</UL>
<P><STRONG><a name="[1a]"></a>GPE_IRQHandler</STRONG> (Thumb, 0 bytes, Stack size 0 bytes, startup_m261.o(.text))
<BR>[Address Reference Count : 1]<UL><LI> startup_m261.o(RESET)
</UL>
<P><STRONG><a name="[1b]"></a>GPF_IRQHandler</STRONG> (Thumb, 0 bytes, Stack size 0 bytes, startup_m261.o(.text))
<BR>[Address Reference Count : 1]<UL><LI> startup_m261.o(RESET)
</UL>
<P><STRONG><a name="[45]"></a>GPG_IRQHandler</STRONG> (Thumb, 0 bytes, Stack size 0 bytes, startup_m261.o(.text))
<BR>[Address Reference Count : 1]<UL><LI> startup_m261.o(RESET)
</UL>
<P><STRONG><a name="[52]"></a>GPH_IRQHandler</STRONG> (Thumb, 0 bytes, Stack size 0 bytes, startup_m261.o(.text))
<BR>[Address Reference Count : 1]<UL><LI> startup_m261.o(RESET)
</UL>
<P><STRONG><a name="[2c]"></a>I2C0_IRQHandler</STRONG> (Thumb, 0 bytes, Stack size 0 bytes, startup_m261.o(.text))
<BR>[Address Reference Count : 1]<UL><LI> startup_m261.o(RESET)
</UL>
<P><STRONG><a name="[2d]"></a>I2C1_IRQHandler</STRONG> (Thumb, 0 bytes, Stack size 0 bytes, startup_m261.o(.text))
<BR>[Address Reference Count : 1]<UL><LI> startup_m261.o(RESET)
</UL>
<P><STRONG><a name="[4d]"></a>I2C2_IRQHandler</STRONG> (Thumb, 0 bytes, Stack size 0 bytes, startup_m261.o(.text))
<BR>[Address Reference Count : 1]<UL><LI> startup_m261.o(RESET)
</UL>
<P><STRONG><a name="[42]"></a>I2S0_IRQHandler</STRONG> (Thumb, 0 bytes, Stack size 0 bytes, startup_m261.o(.text))
<BR>[Address Reference Count : 1]<UL><LI> startup_m261.o(RESET)
</UL>
<P><STRONG><a name="[7]"></a>IRC_IRQHandler</STRONG> (Thumb, 0 bytes, Stack size 0 bytes, startup_m261.o(.text))
<BR>[Address Reference Count : 1]<UL><LI> startup_m261.o(RESET)
</UL>
<P><STRONG><a name="[43]"></a>OPA0_IRQHandler</STRONG> (Thumb, 0 bytes, Stack size 0 bytes, startup_m261.o(.text))
<BR>[Address Reference Count : 1]<UL><LI> startup_m261.o(RESET)
</UL>
<P><STRONG><a name="[2e]"></a>PDMA0_IRQHandler</STRONG> (Thumb, 0 bytes, Stack size 0 bytes, startup_m261.o(.text))
<BR>[Address Reference Count : 1]<UL><LI> startup_m261.o(RESET)
</UL>
<P><STRONG><a name="[54]"></a>PDMA1_IRQHandler</STRONG> (Thumb, 0 bytes, Stack size 0 bytes, startup_m261.o(.text))
<BR>[Address Reference Count : 1]<UL><LI> startup_m261.o(RESET)
</UL>
<P><STRONG><a name="[8]"></a>PWRWU_IRQHandler</STRONG> (Thumb, 0 bytes, Stack size 0 bytes, startup_m261.o(.text))
<BR>[Address Reference Count : 1]<UL><LI> startup_m261.o(RESET)
</UL>
<P><STRONG><a name="[4e]"></a>QEI0_IRQHandler</STRONG> (Thumb, 0 bytes, Stack size 0 bytes, startup_m261.o(.text))
<BR>[Address Reference Count : 1]<UL><LI> startup_m261.o(RESET)
</UL>
<P><STRONG><a name="[4f]"></a>QEI1_IRQHandler</STRONG> (Thumb, 0 bytes, Stack size 0 bytes, startup_m261.o(.text))
<BR>[Address Reference Count : 1]<UL><LI> startup_m261.o(RESET)
</UL>
<P><STRONG><a name="[1c]"></a>QSPI0_IRQHandler</STRONG> (Thumb, 0 bytes, Stack size 0 bytes, startup_m261.o(.text))
<BR>[Address Reference Count : 1]<UL><LI> startup_m261.o(RESET)
</UL>
<P><STRONG><a name="[c]"></a>RTC_IRQHandler</STRONG> (Thumb, 0 bytes, Stack size 0 bytes, startup_m261.o(.text))
<BR>[Address Reference Count : 1]<UL><LI> startup_m261.o(RESET)
</UL>
<P><STRONG><a name="[3d]"></a>SC0_IRQHandler</STRONG> (Thumb, 0 bytes, Stack size 0 bytes, startup_m261.o(.text))
<BR>[Address Reference Count : 1]<UL><LI> startup_m261.o(RESET)
</UL>
<P><STRONG><a name="[3e]"></a>SC1_IRQHandler</STRONG> (Thumb, 0 bytes, Stack size 0 bytes, startup_m261.o(.text))
<BR>[Address Reference Count : 1]<UL><LI> startup_m261.o(RESET)
</UL>
<P><STRONG><a name="[3f]"></a>SC2_IRQHandler</STRONG> (Thumb, 0 bytes, Stack size 0 bytes, startup_m261.o(.text))
<BR>[Address Reference Count : 1]<UL><LI> startup_m261.o(RESET)
</UL>
<P><STRONG><a name="[5f]"></a>SC3_IRQHandler</STRONG> (Thumb, 0 bytes, Stack size 0 bytes, startup_m261.o(.text), UNUSED, KEPT)

<P><STRONG><a name="[55]"></a>SCU_IRQHandler</STRONG> (Thumb, 0 bytes, Stack size 0 bytes, startup_m261.o(.text))
<BR>[Address Reference Count : 1]<UL><LI> startup_m261.o(RESET)
</UL>
<P><STRONG><a name="[41]"></a>SDH0_IRQHandler</STRONG> (Thumb, 0 bytes, Stack size 0 bytes, startup_m261.o(.text))
<BR>[Address Reference Count : 1]<UL><LI> startup_m261.o(RESET)
</UL>
<P><STRONG><a name="[60]"></a>SDH1_IRQHandler</STRONG> (Thumb, 0 bytes, Stack size 0 bytes, startup_m261.o(.text), UNUSED, KEPT)

<P><STRONG><a name="[1d]"></a>SPI0_IRQHandler</STRONG> (Thumb, 0 bytes, Stack size 0 bytes, startup_m261.o(.text))
<BR>[Address Reference Count : 1]<UL><LI> startup_m261.o(RESET)
</UL>
<P><STRONG><a name="[37]"></a>SPI1_IRQHandler</STRONG> (Thumb, 0 bytes, Stack size 0 bytes, startup_m261.o(.text))
<BR>[Address Reference Count : 1]<UL><LI> startup_m261.o(RESET)
</UL>
<P><STRONG><a name="[38]"></a>SPI2_IRQHandler</STRONG> (Thumb, 0 bytes, Stack size 0 bytes, startup_m261.o(.text))
<BR>[Address Reference Count : 1]<UL><LI> startup_m261.o(RESET)
</UL>
<P><STRONG><a name="[40]"></a>SPI3_IRQHandler</STRONG> (Thumb, 0 bytes, Stack size 0 bytes, startup_m261.o(.text))
<BR>[Address Reference Count : 1]<UL><LI> startup_m261.o(RESET)
</UL>
<P><STRONG><a name="[9]"></a>SRAM_IRQHandler</STRONG> (Thumb, 0 bytes, Stack size 0 bytes, startup_m261.o(.text))
<BR>[Address Reference Count : 1]<UL><LI> startup_m261.o(RESET)
</UL>
<P><STRONG><a name="[d]"></a>TAMPER_IRQHandler</STRONG> (Thumb, 0 bytes, Stack size 0 bytes, startup_m261.o(.text))
<BR>[Address Reference Count : 1]<UL><LI> startup_m261.o(RESET)
</UL>
<P><STRONG><a name="[26]"></a>TMR0_IRQHandler</STRONG> (Thumb, 0 bytes, Stack size 0 bytes, startup_m261.o(.text))
<BR>[Address Reference Count : 1]<UL><LI> startup_m261.o(RESET)
</UL>
<P><STRONG><a name="[27]"></a>TMR1_IRQHandler</STRONG> (Thumb, 0 bytes, Stack size 0 bytes, startup_m261.o(.text))
<BR>[Address Reference Count : 1]<UL><LI> startup_m261.o(RESET)
</UL>
<P><STRONG><a name="[28]"></a>TMR2_IRQHandler</STRONG> (Thumb, 0 bytes, Stack size 0 bytes, startup_m261.o(.text))
<BR>[Address Reference Count : 1]<UL><LI> startup_m261.o(RESET)
</UL>
<P><STRONG><a name="[29]"></a>TMR3_IRQHandler</STRONG> (Thumb, 0 bytes, Stack size 0 bytes, startup_m261.o(.text))
<BR>[Address Reference Count : 1]<UL><LI> startup_m261.o(RESET)
</UL>
<P><STRONG><a name="[56]"></a>TRNG_IRQHandler</STRONG> (Thumb, 0 bytes, Stack size 0 bytes, startup_m261.o(.text))
<BR>[Address Reference Count : 1]<UL><LI> startup_m261.o(RESET)
</UL>
<P><STRONG><a name="[2b]"></a>UART1_IRQHandler</STRONG> (Thumb, 0 bytes, Stack size 0 bytes, startup_m261.o(.text))
<BR>[Address Reference Count : 1]<UL><LI> startup_m261.o(RESET)
</UL>
<P><STRONG><a name="[35]"></a>UART2_IRQHandler</STRONG> (Thumb, 0 bytes, Stack size 0 bytes, startup_m261.o(.text))
<BR>[Address Reference Count : 1]<UL><LI> startup_m261.o(RESET)
</UL>
<P><STRONG><a name="[36]"></a>UART3_IRQHandler</STRONG> (Thumb, 0 bytes, Stack size 0 bytes, startup_m261.o(.text))
<BR>[Address Reference Count : 1]<UL><LI> startup_m261.o(RESET)
</UL>
<P><STRONG><a name="[47]"></a>UART4_IRQHandler</STRONG> (Thumb, 0 bytes, Stack size 0 bytes, startup_m261.o(.text))
<BR>[Address Reference Count : 1]<UL><LI> startup_m261.o(RESET)
</UL>
<P><STRONG><a name="[48]"></a>UART5_IRQHandler</STRONG> (Thumb, 0 bytes, Stack size 0 bytes, startup_m261.o(.text))
<BR>[Address Reference Count : 1]<UL><LI> startup_m261.o(RESET)
</UL>
<P><STRONG><a name="[39]"></a>USBD_IRQHandler</STRONG> (Thumb, 0 bytes, Stack size 0 bytes, startup_m261.o(.text))
<BR>[Address Reference Count : 1]<UL><LI> startup_m261.o(RESET)
</UL>
<P><STRONG><a name="[3a]"></a>USBH_IRQHandler</STRONG> (Thumb, 0 bytes, Stack size 0 bytes, startup_m261.o(.text))
<BR>[Address Reference Count : 1]<UL><LI> startup_m261.o(RESET)
</UL>
<P><STRONG><a name="[3b]"></a>USBOTG_IRQHandler</STRONG> (Thumb, 0 bytes, Stack size 0 bytes, startup_m261.o(.text))
<BR>[Address Reference Count : 1]<UL><LI> startup_m261.o(RESET)
</UL>
<P><STRONG><a name="[49]"></a>USCI0_IRQHandler</STRONG> (Thumb, 0 bytes, Stack size 0 bytes, startup_m261.o(.text))
<BR>[Address Reference Count : 1]<UL><LI> startup_m261.o(RESET)
</UL>
<P><STRONG><a name="[4a]"></a>USCI1_IRQHandler</STRONG> (Thumb, 0 bytes, Stack size 0 bytes, startup_m261.o(.text))
<BR>[Address Reference Count : 1]<UL><LI> startup_m261.o(RESET)
</UL>
<P><STRONG><a name="[e]"></a>WDT_IRQHandler</STRONG> (Thumb, 0 bytes, Stack size 0 bytes, startup_m261.o(.text))
<BR>[Address Reference Count : 1]<UL><LI> startup_m261.o(RESET)
</UL>
<P><STRONG><a name="[f]"></a>WWDT_IRQHandler</STRONG> (Thumb, 0 bytes, Stack size 0 bytes, startup_m261.o(.text))
<BR>[Address Reference Count : 1]<UL><LI> startup_m261.o(RESET)
</UL>
<P><STRONG><a name="[5c]"></a>SH_DoCommand</STRONG> (Thumb, 10 bytes, Stack size 0 bytes, startup_m261.o(.text), UNUSED, KEPT)

<P><STRONG><a name="[5d]"></a>__PC</STRONG> (Thumb, 6 bytes, Stack size 0 bytes, startup_m261.o(.text), UNUSED, KEPT)

<P><STRONG><a name="[64]"></a>__aeabi_memset</STRONG> (Thumb, 14 bytes, Stack size 0 bytes, memseta.o(.text))
<BR><BR>[Called By]<UL><LI><a href="#[65]">&gt;&gt;</a>&nbsp;&nbsp;&nbsp;_memset$wrapper
<LI><a href="#[63]">&gt;&gt;</a>&nbsp;&nbsp;&nbsp;__aeabi_memclr
</UL>

<P><STRONG><a name="[80]"></a>__aeabi_memset4</STRONG> (Thumb, 0 bytes, Stack size 0 bytes, memseta.o(.text), UNUSED)

<P><STRONG><a name="[81]"></a>__aeabi_memset8</STRONG> (Thumb, 0 bytes, Stack size 0 bytes, memseta.o(.text), UNUSED)

<P><STRONG><a name="[63]"></a>__aeabi_memclr</STRONG> (Thumb, 4 bytes, Stack size 0 bytes, memseta.o(.text))
<BR><BR>[Calls]<UL><LI><a href="#[64]">&gt;&gt;</a>&nbsp;&nbsp;&nbsp;__aeabi_memset
</UL>
<BR>[Called By]<UL><LI><a href="#[69]">&gt;&gt;</a>&nbsp;&nbsp;&nbsp;ParseCmd
</UL>

<P><STRONG><a name="[82]"></a>__aeabi_memclr4</STRONG> (Thumb, 0 bytes, Stack size 0 bytes, memseta.o(.text), UNUSED)

<P><STRONG><a name="[83]"></a>__aeabi_memclr8</STRONG> (Thumb, 0 bytes, Stack size 0 bytes, memseta.o(.text), UNUSED)

<P><STRONG><a name="[65]"></a>_memset$wrapper</STRONG> (Thumb, 18 bytes, Stack size 8 bytes, memseta.o(.text), UNUSED)
<BR><BR>[Calls]<UL><LI><a href="#[64]">&gt;&gt;</a>&nbsp;&nbsp;&nbsp;__aeabi_memset
</UL>

<P><STRONG><a name="[62]"></a>__scatterload</STRONG> (Thumb, 38 bytes, Stack size 0 bytes, init.o(.text))
<BR><BR>[Calls]<UL><LI><a href="#[66]">&gt;&gt;</a>&nbsp;&nbsp;&nbsp;__main_after_scatterload
</UL>
<BR>[Called By]<UL><LI><a href="#[61]">&gt;&gt;</a>&nbsp;&nbsp;&nbsp;_main_scatterload
</UL>

<P><STRONG><a name="[84]"></a>__scatterload_rt2</STRONG> (Thumb, 0 bytes, Stack size 0 bytes, init.o(.text), UNUSED)

<P><STRONG><a name="[6d]"></a>EraseAP</STRONG> (Thumb, 216 bytes, Stack size 28 bytes, fmc_user.o(.text.EraseAP))
<BR><BR>[Stack]<UL><LI>Max Depth = 28<LI>Call Chain = EraseAP
</UL>
<BR>[Called By]<UL><LI><a href="#[69]">&gt;&gt;</a>&nbsp;&nbsp;&nbsp;ParseCmd
</UL>

<P><STRONG><a name="[67]"></a>FMC_Erase_User</STRONG> (Thumb, 22 bytes, Stack size 16 bytes, fmc_user.o(.text.FMC_Erase_User))
<BR><BR>[Stack]<UL><LI>Max Depth = 48<LI>Call Chain = FMC_Erase_User &rArr; FMC_Proc
</UL>
<BR>[Calls]<UL><LI><a href="#[68]">&gt;&gt;</a>&nbsp;&nbsp;&nbsp;FMC_Proc
</UL>
<BR>[Called By]<UL><LI><a href="#[69]">&gt;&gt;</a>&nbsp;&nbsp;&nbsp;ParseCmd
</UL>

<P><STRONG><a name="[68]"></a>FMC_Proc</STRONG> (Thumb, 204 bytes, Stack size 32 bytes, fmc_user.o(.text.FMC_Proc))
<BR><BR>[Stack]<UL><LI>Max Depth = 32<LI>Call Chain = FMC_Proc
</UL>
<BR>[Called By]<UL><LI><a href="#[6e]">&gt;&gt;</a>&nbsp;&nbsp;&nbsp;UpdateConfig
<LI><a href="#[6f]">&gt;&gt;</a>&nbsp;&nbsp;&nbsp;WriteData
<LI><a href="#[6a]">&gt;&gt;</a>&nbsp;&nbsp;&nbsp;ReadData
<LI><a href="#[67]">&gt;&gt;</a>&nbsp;&nbsp;&nbsp;FMC_Erase_User
</UL>

<P><STRONG><a name="[69]"></a>ParseCmd</STRONG> (Thumb, 640 bytes, Stack size 56 bytes, isp_user.o(.text.ParseCmd))
<BR><BR>[Stack]<UL><LI>Max Depth = 112<LI>Call Chain = ParseCmd &rArr; UpdateConfig &rArr; FMC_Proc
</UL>
<BR>[Calls]<UL><LI><a href="#[63]">&gt;&gt;</a>&nbsp;&nbsp;&nbsp;__aeabi_memclr
<LI><a href="#[70]">&gt;&gt;</a>&nbsp;&nbsp;&nbsp;Checksum
<LI><a href="#[6c]">&gt;&gt;</a>&nbsp;&nbsp;&nbsp;__NVIC_SystemReset
<LI><a href="#[6b]">&gt;&gt;</a>&nbsp;&nbsp;&nbsp;FMC_SetVectorPageAddr
<LI><a href="#[6e]">&gt;&gt;</a>&nbsp;&nbsp;&nbsp;UpdateConfig
<LI><a href="#[6d]">&gt;&gt;</a>&nbsp;&nbsp;&nbsp;EraseAP
<LI><a href="#[6f]">&gt;&gt;</a>&nbsp;&nbsp;&nbsp;WriteData
<LI><a href="#[6a]">&gt;&gt;</a>&nbsp;&nbsp;&nbsp;ReadData
<LI><a href="#[67]">&gt;&gt;</a>&nbsp;&nbsp;&nbsp;FMC_Erase_User
</UL>
<BR>[Called By]<UL><LI><a href="#[57]">&gt;&gt;</a>&nbsp;&nbsp;&nbsp;main
</UL>

<P><STRONG><a name="[5a]"></a>ProcessHardFault</STRONG> (Thumb, 2 bytes, Stack size 0 bytes, main.o(.text.ProcessHardFault))
<BR>[Address Reference Count : 1]<UL><LI> startup_m261.o(.text)
</UL>
<P><STRONG><a name="[77]"></a>PutString</STRONG> (Thumb, 56 bytes, Stack size 4 bytes, uart_transfer.o(.text.PutString))
<BR><BR>[Stack]<UL><LI>Max Depth = 4<LI>Call Chain = PutString
</UL>
<BR>[Called By]<UL><LI><a href="#[57]">&gt;&gt;</a>&nbsp;&nbsp;&nbsp;main
</UL>

<P><STRONG><a name="[6a]"></a>ReadData</STRONG> (Thumb, 26 bytes, Stack size 24 bytes, fmc_user.o(.text.ReadData))
<BR><BR>[Stack]<UL><LI>Max Depth = 56<LI>Call Chain = ReadData &rArr; FMC_Proc
</UL>
<BR>[Calls]<UL><LI><a href="#[68]">&gt;&gt;</a>&nbsp;&nbsp;&nbsp;FMC_Proc
</UL>
<BR>[Called By]<UL><LI><a href="#[69]">&gt;&gt;</a>&nbsp;&nbsp;&nbsp;ParseCmd
</UL>

<P><STRONG><a name="[5b]"></a>SH_Return</STRONG> (Thumb, 2 bytes, Stack size 0 bytes, main.o(.text.SH_Return))
<BR>[Address Reference Count : 1]<UL><LI> startup_m261.o(.text)
</UL>
<P><STRONG><a name="[75]"></a>SYS_Init</STRONG> (Thumb, 216 bytes, Stack size 8 bytes, main.o(.text.SYS_Init))
<BR><BR>[Stack]<UL><LI>Max Depth = 8<LI>Call Chain = SYS_Init
</UL>
<BR>[Called By]<UL><LI><a href="#[57]">&gt;&gt;</a>&nbsp;&nbsp;&nbsp;main
</UL>

<P><STRONG><a name="[58]"></a>SystemInit</STRONG> (Thumb, 8 bytes, Stack size 0 bytes, system_m261.o(.text.SystemInit))
<BR>[Address Reference Count : 1]<UL><LI> startup_m261.o(.text)
</UL>
<P><STRONG><a name="[2a]"></a>UART0_IRQHandler</STRONG> (Thumb, 144 bytes, Stack size 16 bytes, uart_transfer.o(.text.UART0_IRQHandler))
<BR><BR>[Stack]<UL><LI>Max Depth = 16<LI>Call Chain = UART0_IRQHandler
</UL>
<BR>[Address Reference Count : 1]<UL><LI> startup_m261.o(RESET)
</UL>
<P><STRONG><a name="[71]"></a>UART_Init</STRONG> (Thumb, 68 bytes, Stack size 16 bytes, uart_transfer.o(.text.UART_Init))
<BR><BR>[Stack]<UL><LI>Max Depth = 40<LI>Call Chain = UART_Init &rArr; __NVIC_SetPriority
</UL>
<BR>[Calls]<UL><LI><a href="#[73]">&gt;&gt;</a>&nbsp;&nbsp;&nbsp;__NVIC_EnableIRQ
<LI><a href="#[72]">&gt;&gt;</a>&nbsp;&nbsp;&nbsp;__NVIC_SetPriority
</UL>
<BR>[Called By]<UL><LI><a href="#[57]">&gt;&gt;</a>&nbsp;&nbsp;&nbsp;main
</UL>

<P><STRONG><a name="[6e]"></a>UpdateConfig</STRONG> (Thumb, 84 bytes, Stack size 24 bytes, fmc_user.o(.text.UpdateConfig))
<BR><BR>[Stack]<UL><LI>Max Depth = 56<LI>Call Chain = UpdateConfig &rArr; FMC_Proc
</UL>
<BR>[Calls]<UL><LI><a href="#[68]">&gt;&gt;</a>&nbsp;&nbsp;&nbsp;FMC_Proc
</UL>
<BR>[Called By]<UL><LI><a href="#[69]">&gt;&gt;</a>&nbsp;&nbsp;&nbsp;ParseCmd
</UL>

<P><STRONG><a name="[6f]"></a>WriteData</STRONG> (Thumb, 26 bytes, Stack size 24 bytes, fmc_user.o(.text.WriteData))
<BR><BR>[Stack]<UL><LI>Max Depth = 56<LI>Call Chain = WriteData &rArr; FMC_Proc
</UL>
<BR>[Calls]<UL><LI><a href="#[68]">&gt;&gt;</a>&nbsp;&nbsp;&nbsp;FMC_Proc
</UL>
<BR>[Called By]<UL><LI><a href="#[69]">&gt;&gt;</a>&nbsp;&nbsp;&nbsp;ParseCmd
</UL>

<P><STRONG><a name="[57]"></a>main</STRONG> (Thumb, 252 bytes, Stack size 16 bytes, main.o(.text.main))
<BR><BR>[Stack]<UL><LI>Max Depth = 128<LI>Call Chain = main &rArr; ParseCmd &rArr; UpdateConfig &rArr; FMC_Proc
</UL>
<BR>[Calls]<UL><LI><a href="#[77]">&gt;&gt;</a>&nbsp;&nbsp;&nbsp;PutString
<LI><a href="#[69]">&gt;&gt;</a>&nbsp;&nbsp;&nbsp;ParseCmd
<LI><a href="#[76]">&gt;&gt;</a>&nbsp;&nbsp;&nbsp;BL_EnableFMC
<LI><a href="#[71]">&gt;&gt;</a>&nbsp;&nbsp;&nbsp;UART_Init
<LI><a href="#[75]">&gt;&gt;</a>&nbsp;&nbsp;&nbsp;SYS_Init
<LI><a href="#[79]">&gt;&gt;</a>&nbsp;&nbsp;&nbsp;__NVIC_SystemReset
<LI><a href="#[78]">&gt;&gt;</a>&nbsp;&nbsp;&nbsp;FMC_SetVectorPageAddr
<LI><a href="#[74]">&gt;&gt;</a>&nbsp;&nbsp;&nbsp;SYS_UnlockReg
</UL>
<BR>[Address Reference Count : 1]<UL><LI> entry9a.o(.ARM.Collect$$$$0000000B)
</UL>
<P><STRONG><a name="[85]"></a>__scatterload_copy</STRONG> (Thumb, 14 bytes, Stack size unknown bytes, handlers.o(i.__scatterload_copy), UNUSED)

<P><STRONG><a name="[86]"></a>__scatterload_null</STRONG> (Thumb, 2 bytes, Stack size unknown bytes, handlers.o(i.__scatterload_null), UNUSED)

<P><STRONG><a name="[87]"></a>__scatterload_zeroinit</STRONG> (Thumb, 14 bytes, Stack size unknown bytes, handlers.o(i.__scatterload_zeroinit), UNUSED)

<P><STRONG><a name="[76]"></a>BL_EnableFMC</STRONG> (Thumb, 8 bytes, Stack size 0 bytes, mkromlib_nsc.o(ABSOLUTE))
<BR><BR>[Called By]<UL><LI><a href="#[57]">&gt;&gt;</a>&nbsp;&nbsp;&nbsp;main
</UL>
<P>
<H3>
Local Symbols
</H3>
<P><STRONG><a name="[74]"></a>SYS_UnlockReg</STRONG> (Thumb, 52 bytes, Stack size 4 bytes, main.o(.text.SYS_UnlockReg))
<BR><BR>[Stack]<UL><LI>Max Depth = 4<LI>Call Chain = SYS_UnlockReg
</UL>
<BR>[Called By]<UL><LI><a href="#[57]">&gt;&gt;</a>&nbsp;&nbsp;&nbsp;main
</UL>

<P><STRONG><a name="[78]"></a>FMC_SetVectorPageAddr</STRONG> (Thumb, 84 bytes, Stack size 12 bytes, main.o(.text.FMC_SetVectorPageAddr))
<BR><BR>[Stack]<UL><LI>Max Depth = 12<LI>Call Chain = FMC_SetVectorPageAddr
</UL>
<BR>[Called By]<UL><LI><a href="#[57]">&gt;&gt;</a>&nbsp;&nbsp;&nbsp;main
</UL>

<P><STRONG><a name="[79]"></a>__NVIC_SystemReset</STRONG> (Thumb, 20 bytes, Stack size 0 bytes, main.o(.text.__NVIC_SystemReset))
<BR><BR>[Called By]<UL><LI><a href="#[57]">&gt;&gt;</a>&nbsp;&nbsp;&nbsp;main
</UL>

<P><STRONG><a name="[6b]"></a>FMC_SetVectorPageAddr</STRONG> (Thumb, 84 bytes, Stack size 12 bytes, isp_user.o(.text.FMC_SetVectorPageAddr))
<BR><BR>[Stack]<UL><LI>Max Depth = 12<LI>Call Chain = FMC_SetVectorPageAddr
</UL>
<BR>[Called By]<UL><LI><a href="#[69]">&gt;&gt;</a>&nbsp;&nbsp;&nbsp;ParseCmd
</UL>

<P><STRONG><a name="[6c]"></a>__NVIC_SystemReset</STRONG> (Thumb, 20 bytes, Stack size 0 bytes, isp_user.o(.text.__NVIC_SystemReset))
<BR><BR>[Called By]<UL><LI><a href="#[69]">&gt;&gt;</a>&nbsp;&nbsp;&nbsp;ParseCmd
</UL>

<P><STRONG><a name="[70]"></a>Checksum</STRONG> (Thumb, 58 bytes, Stack size 16 bytes, isp_user.o(.text.Checksum))
<BR><BR>[Stack]<UL><LI>Max Depth = 16<LI>Call Chain = Checksum
</UL>
<BR>[Called By]<UL><LI><a href="#[69]">&gt;&gt;</a>&nbsp;&nbsp;&nbsp;ParseCmd
</UL>

<P><STRONG><a name="[72]"></a>__NVIC_SetPriority</STRONG> (Thumb, 112 bytes, Stack size 24 bytes, uart_transfer.o(.text.__NVIC_SetPriority))
<BR><BR>[Stack]<UL><LI>Max Depth = 24<LI>Call Chain = __NVIC_SetPriority
</UL>
<BR>[Called By]<UL><LI><a href="#[71]">&gt;&gt;</a>&nbsp;&nbsp;&nbsp;UART_Init
</UL>

<P><STRONG><a name="[73]"></a>__NVIC_EnableIRQ</STRONG> (Thumb, 40 bytes, Stack size 4 bytes, uart_transfer.o(.text.__NVIC_EnableIRQ))
<BR><BR>[Stack]<UL><LI>Max Depth = 4<LI>Call Chain = __NVIC_EnableIRQ
</UL>
<BR>[Called By]<UL><LI><a href="#[71]">&gt;&gt;</a>&nbsp;&nbsp;&nbsp;UART_Init
</UL>
<P>
<H3>
Undefined Global Symbols
</H3><HR></body></html>
